../Core/Src/main.c:100:5:main	8	static
../Core/Src/main.c:153:6:SystemClock_Config	88	static
../Core/Src/main.c:200:13:MX_ADC1_Init	24	static
../Core/Src/main.c:261:13:MX_USART2_UART_Init	8	static
../Core/Src/main.c:292:13:MX_DMA_Init	16	static
../Core/Src/main.c:310:13:MX_GPIO_Init	48	static
../Core/Src/main.c:343:6:HAL_GPIO_EXTI_Callback	16	static
../Core/Src/main.c:360:6:HAL_ADC_ConvCpltCallback	16	static
../Core/Src/main.c:368:6:ADC_TEMP_Covert	24	static
../Core/Src/main.c:404:6:Error_Handler	4	static,ignoring_inline_asm
