../Core/Src/main.c:105:6:HAL_TIM_IC_CaptureCallback	16	static
../Core/Src/main.c:141:5:main	24	static
../Core/Src/main.c:279:6:SystemClock_Config	88	static
../Core/Src/main.c:325:13:MX_TIM1_Init	96	static
../Core/Src/main.c:400:13:MX_TIM2_Init	56	static
../Core/Src/main.c:449:13:MX_USART2_UART_Init	8	static
../Core/Src/main.c:480:13:MX_DMA_Init	16	static
../Core/Src/main.c:498:13:MX_GPIO_Init	48	static
../Core/Src/main.c:543:6:PID	4	static
../Core/Src/main.c:568:6:Motor	8	static
../Core/Src/main.c:581:6:Error_Handler	4	static,ignoring_inline_asm
