../Core/Src/main.c:107:6:HAL_TIM_IC_CaptureCallback	16	static
../Core/Src/main.c:143:5:main	24	static
../Core/Src/main.c:282:6:SystemClock_Config	88	static
../Core/Src/main.c:328:13:MX_TIM1_Init	96	static
../Core/Src/main.c:403:13:MX_TIM2_Init	56	static
../Core/Src/main.c:452:13:MX_TIM3_Init	56	static
../Core/Src/main.c:501:13:MX_USART2_UART_Init	8	static
../Core/Src/main.c:532:13:MX_DMA_Init	16	static
../Core/Src/main.c:550:13:MX_GPIO_Init	48	static
../Core/Src/main.c:595:6:PID	4	static
../Core/Src/main.c:620:6:Motor	8	static
../Core/Src/main.c:633:6:Error_Handler	4	static,ignoring_inline_asm
