../Drivers/CMSIS/Include/core_cm4.h:2064:26:ITM_SendChar	16	static,ignoring_inline_asm
../Core/Src/main.c:90:5:main	8	static
../Core/Src/main.c:150:6:SystemClock_Config	88	static
../Core/Src/main.c:197:13:MX_TIM1_Init	96	static
../Core/Src/main.c:272:13:MX_TIM2_Init	48	static
../Core/Src/main.c:330:13:MX_USART2_UART_Init	8	static
../Core/Src/main.c:361:13:MX_DMA_Init	16	static
../Core/Src/main.c:379:13:MX_GPIO_Init	48	static
../Core/Src/main.c:408:7:IC_Calc_period	32	static
../Core/Src/main.c:429:6:PI	24	static
../Core/Src/main.c:447:5:_write	32	static
../Core/Src/main.c:458:6:Set_Motor	8	static
../Core/Src/main.c:475:6:RPM_Calculate	8	static
../Core/Src/main.c:491:6:Error_Handler	4	static,ignoring_inline_asm
