../Drivers/CMSIS/Include/core_cm4.h:2064:26:ITM_SendChar	16	static,ignoring_inline_asm
../Core/Src/main.c:90:5:main	8	static
../Core/Src/main.c:151:6:SystemClock_Config	88	static
../Core/Src/main.c:198:13:MX_TIM1_Init	96	static
../Core/Src/main.c:273:13:MX_TIM2_Init	48	static
../Core/Src/main.c:331:13:MX_USART2_UART_Init	8	static
../Core/Src/main.c:362:13:MX_DMA_Init	16	static
../Core/Src/main.c:380:13:MX_GPIO_Init	48	static
../Core/Src/main.c:409:7:IC_Calc_period	32	static
../Core/Src/main.c:430:6:PI	24	static
../Core/Src/main.c:448:5:_write	32	static
../Core/Src/main.c:459:6:Set_Motor	8	static
../Core/Src/main.c:476:6:RPM_Calculate	8	static
../Core/Src/main.c:492:6:Error_Handler	4	static,ignoring_inline_asm
