../Core/Src/main.c:95:5:main	24	static
../Core/Src/main.c:167:6:SystemClock_Config	88	static
../Core/Src/main.c:214:13:MX_TIM2_Init	32	static
../Core/Src/main.c:259:13:MX_TIM5_Init	32	static
../Core/Src/main.c:304:13:MX_USART2_UART_Init	8	static
../Core/Src/main.c:337:13:MX_GPIO_Init	48	static
../Core/Src/main.c:366:6:UARTInterruptConfig	8	static
../Core/Src/main.c:371:6:HAL_UART_RxCpltCallback	16	static
../Core/Src/main.c:397:6:select_mode	16	static
../Core/Src/main.c:549:6:Button_Status	32	static
../Core/Src/main.c:574:6:Error_Handler	4	static,ignoring_inline_asm
