../Core/Src/main.c:77:5:main	8	static
../Core/Src/main.c:135:6:SystemClock_Config	88	static
../Core/Src/main.c:181:13:MX_ADC1_Init	24	static
../Core/Src/main.c:233:13:MX_TIM2_Init	56	static
../Core/Src/main.c:282:13:MX_TIM3_Init	32	static
../Core/Src/main.c:327:13:MX_TIM4_Init	48	static
../Core/Src/main.c:376:13:MX_USART2_UART_Init	8	static
../Core/Src/main.c:407:13:MX_DMA_Init	16	static
../Core/Src/main.c:425:13:MX_GPIO_Init	48	static
../Core/Src/main.c:454:6:HAL_TIM_PeriodElapsedCallback	16	static
../Core/Src/main.c:467:6:Error_Handler	4	static,ignoring_inline_asm
