../Core/Src/main.c:75:5:main	8	static
../Core/Src/main.c:132:6:SystemClock_Config	88	static
../Core/Src/main.c:178:13:MX_ADC1_Init	24	static
../Core/Src/main.c:230:13:MX_TIM2_Init	32	static
../Core/Src/main.c:275:13:MX_TIM3_Init	32	static
../Core/Src/main.c:320:13:MX_USART2_UART_Init	8	static
../Core/Src/main.c:351:13:MX_DMA_Init	16	static
../Core/Src/main.c:369:13:MX_GPIO_Init	48	static
../Core/Src/main.c:398:6:HAL_TIM_PeriodElapsedCallback	16	static
../Core/Src/main.c:411:6:Error_Handler	4	static,ignoring_inline_asm
