../Core/Src/main.c:72:5:main	24	static
../Core/Src/main.c:123:6:SystemClock_Config	88	static
../Core/Src/main.c:170:13:MX_USART2_UART_Init	8	static
../Core/Src/main.c:201:13:MX_DMA_Init	16	static
../Core/Src/main.c:222:13:MX_GPIO_Init	48	static
../Core/Src/main.c:251:6:UARTPollingMethod	16	static
../Core/Src/main.c:280:6:DummyTask	8	static
../Core/Src/main.c:290:6:UARTInterruptConfig	8	static
../Core/Src/main.c:298:6:HAL_UART_RxCpltCallback	16	static
../Core/Src/main.c:320:6:Error_Handler	4	static,ignoring_inline_asm
