../Core/Src/main.c:79:5:main	8	static
../Core/Src/main.c:129:6:SystemClock_Config	88	static
../Core/Src/main.c:176:13:MX_I2C1_Init	8	static
../Core/Src/main.c:210:13:MX_I2C2_Init	8	static
../Core/Src/main.c:244:13:MX_TIM1_Init	80	static
../Core/Src/main.c:309:13:MX_TIM2_Init	56	static
../Core/Src/main.c:358:13:MX_TIM3_Init	48	static
../Core/Src/main.c:407:13:MX_TIM4_Init	48	static
../Core/Src/main.c:456:13:MX_USART1_UART_Init	8	static
../Core/Src/main.c:489:13:MX_GPIO_Init	48	static
../Core/Src/main.c:555:6:Error_Handler	4	static,ignoring_inline_asm
