../Core/Inc/Mechanic.h:31:6:Read_Encoder	8	static
../Core/Inc/Kalman_Filter.h:159:6:Initial_KalmanFilter	8	static
../Core/Inc/Kalman_Filter.h:204:6:KalmanFilter	8	static
../Core/Src/main.c:71:5:main	8	static
../Core/Src/main.c:127:6:SystemClock_Config	88	static
../Core/Src/main.c:174:13:MX_TIM2_Init	56	static
../Core/Src/main.c:223:13:MX_TIM3_Init	48	static
../Core/Src/main.c:272:13:MX_USART2_UART_Init	8	static
../Core/Src/main.c:305:13:MX_GPIO_Init	48	static
../Core/Src/main.c:351:6:Error_Handler	4	static,ignoring_inline_asm
