../Drivers/CMSIS/Include/core_cm4.h:2064:26:ITM_SendChar	16	static,ignoring_inline_asm
../Core/Src/main.c:93:5:main	16	static
../Core/Src/main.c:166:6:SystemClock_Config	88	static
../Core/Src/main.c:213:13:MX_TIM2_Init	56	static
../Core/Src/main.c:262:13:MX_TIM3_Init	64	static
../Core/Src/main.c:321:13:MX_TIM4_Init	48	static
../Core/Src/main.c:370:13:MX_USART2_UART_Init	8	static
../Core/Src/main.c:403:13:MX_GPIO_Init	48	static
../Core/Src/main.c:442:6:HAL_TIM_PeriodElapsedCallback	16	static
../Core/Src/main.c:463:6:PID	16	static
../Core/Src/main.c:505:5:_write	32	static
../Core/Src/main.c:521:6:Error_Handler	4	static,ignoring_inline_asm
