../Drivers/CMSIS/Include/core_cm4.h:2064:26:ITM_SendChar	16	static,ignoring_inline_asm
../Core/Src/main.c:94:5:main	24	static
../Core/Src/main.c:161:6:SystemClock_Config	88	static
../Core/Src/main.c:208:13:MX_TIM3_Init	56	static
../Core/Src/main.c:257:13:MX_TIM5_Init	32	static
../Core/Src/main.c:302:13:MX_USART2_UART_Init	8	static
../Core/Src/main.c:335:13:MX_GPIO_Init	48	static
../Core/Src/main.c:365:5:_write	32	static
../Core/Src/main.c:376:6:QEIEncoderPositionVelocity_Update	32	static
../Core/Src/main.c:401:6:HAL_TIM_PeriodElapsedCallback	24	static
../Core/Src/main.c:409:10:micros	12	static
../Core/Src/main.c:419:6:Error_Handler	4	static,ignoring_inline_asm
