17:36:38 **** Build of configuration Debug for project PID ****
make -j16 all 
arm-none-eabi-gcc "../Core/Src/main.c" -mcpu=cortex-m4 -std=gnu11 -g3 -DDEBUG -DUSE_HAL_DRIVER -DSTM32F411xE -c -I../Core/Inc -I../Drivers/STM32F4xx_HAL_Driver/Inc -I../Drivers/STM32F4xx_HAL_Driver/Inc/Legacy -I../Drivers/CMSIS/Device/ST/STM32F4xx/Include -I../Drivers/CMSIS/Include -O0 -ffunction-sections -fdata-sections -Wall -fstack-usage -MMD -MP -MF"Core/Src/main.d" -MT"Core/Src/main.o" --specs=nano.specs -mfpu=fpv4-sp-d16 -mfloat-abi=hard -mthumb -o "Core/Src/main.o"
arm-none-eabi-gcc -o "PID.elf" @"objects.list"   -mcpu=cortex-m4 -T"C:\FRA222_microcontroller\PID\STM32F411RETX_FLASH.ld" --specs=nosys.specs -Wl,-Map="PID.map" -Wl,--gc-sections -static --specs=nano.specs -mfpu=fpv4-sp-d16 -mfloat-abi=hard -mthumb -Wl,--start-group -lc -lm -Wl,--end-group
Finished building target: PID.elf
 
arm-none-eabi-size   PID.elf 
arm-none-eabi-objdump -h -S  PID.elf  > "PID.list"
   text	   data	    bss	    dec	    hex	filename
   7744	     20	   1636	   9400	   24b8	PID.elf
Finished building: default.size.stdout
 
Finished building: PID.list
 

17:36:39 Build Finished. 0 errors, 0 warnings. (took 858ms)

