15:31:34 **** Incremental Build of configuration Debug for project Project Studio3_Trajectory ****
make -j16 all 
arm-none-eabi-gcc "../Core/Src/main.c" -mcpu=cortex-m4 -std=gnu11 -g3 -DDEBUG -DUSE_HAL_DRIVER -DSTM32F411xE -c -I../Core/Inc -I../Drivers/STM32F4xx_HAL_Driver/Inc -I../Drivers/STM32F4xx_HAL_Driver/Inc/Legacy -I../Drivers/CMSIS/Device/ST/STM32F4xx/Include -I../Drivers/CMSIS/Include -O0 -ffunction-sections -fdata-sections -Wall -fstack-usage -MMD -MP -MF"Core/Src/main.d" -MT"Core/Src/main.o" --specs=nano.specs -mfpu=fpv4-sp-d16 -mfloat-abi=hard -mthumb -o "Core/Src/main.o"
arm-none-eabi-gcc -o "Project Studio3_Trajectory.elf" @"objects.list"   -mcpu=cortex-m4 -T"C:\FRA222_microcontroller\Project Studio3_Trajectory\STM32F411RETX_FLASH.ld" --specs=nosys.specs -Wl,-Map="Project Studio3_Trajectory.map" -Wl,--gc-sections -static --specs=nano.specs -mfpu=fpv4-sp-d16 -mfloat-abi=hard -mthumb -Wl,--start-group -lc -lm -Wl,--end-group
Finished building target: Project Studio3_Trajectory.elf
 
arm-none-eabi-size   Project\ Studio3_Trajectory.elf 
arm-none-eabi-objdump -h -S  Project\ Studio3_Trajectory.elf  > "Project Studio3_Trajectory.list"
   text	   data	    bss	    dec	    hex	filename
  15472	    128	   1952	  17552	   4490	Project Studio3_Trajectory.elf
Finished building: default.size.stdout
 
Finished building: Project Studio3_Trajectory.list
 

15:31:35 Build Finished. 0 errors, 0 warnings. (took 751ms)

