17:02:33 **** Incremental Build of configuration Debug for project Week4_InterruotandDMA ****
make -j16 all 
arm-none-eabi-gcc "../Core/Src/main.c" -mcpu=cortex-m4 -std=gnu11 -g3 -DDEBUG -DUSE_HAL_DRIVER -DSTM32F411xE -c -I../Core/Inc -I../Drivers/STM32F4xx_HAL_Driver/Inc -I../Drivers/STM32F4xx_HAL_Driver/Inc/Legacy -I../Drivers/CMSIS/Device/ST/STM32F4xx/Include -I../Drivers/CMSIS/Include -O0 -ffunction-sections -fdata-sections -Wall -fstack-usage -MMD -MP -MF"Core/Src/main.d" -MT"Core/Src/main.o" --specs=nano.specs -mfpu=fpv4-sp-d16 -mfloat-abi=hard -mthumb -o "Core/Src/main.o"
../Core/Src/main.c: In function 'HAL_GPIO_EXTI_Callback':
../Core/Src/main.c:352:29: warning: passing argument 2 of 'HAL_ADC_Start_DMA' from incompatible pointer type [-Wincompatible-pointer-types]
  352 |   HAL_ADC_Start_DMA(&hadc1, adcRawData, 20);
      |                             ^~~~~~~~~~
      |                             |
      |                             uint16_t * {aka short unsigned int *}
In file included from ../Core/Inc/stm32f4xx_hal_conf.h:294,
                 from ../Drivers/STM32F4xx_HAL_Driver/Inc/stm32f4xx_hal.h:29,
                 from ../Core/Inc/main.h:30,
                 from ../Core/Src/main.c:20:
../Drivers/STM32F4xx_HAL_Driver/Inc/stm32f4xx_hal_adc.h:594:72: note: expected 'uint32_t *' {aka 'long unsigned int *'} but argument is of type 'uint16_t *' {aka 'short unsigned int *'}
  594 | HAL_StatusTypeDef HAL_ADC_Start_DMA(ADC_HandleTypeDef* hadc, uint32_t* pData, uint32_t Length);
      |                                                              ~~~~~~~~~~^~~~~
arm-none-eabi-gcc -o "Week4_InterruotandDMA.elf" @"objects.list"   -mcpu=cortex-m4 -T"C:\FRA222_microcontroller\Week4_InterruotandDMA\STM32F411RETX_FLASH.ld" --specs=nosys.specs -Wl,-Map="Week4_InterruotandDMA.map" -Wl,--gc-sections -static --specs=nano.specs -mfpu=fpv4-sp-d16 -mfloat-abi=hard -mthumb -Wl,--start-group -lc -lm -Wl,--end-group
Finished building target: Week4_InterruotandDMA.elf
 
arm-none-eabi-size   Week4_InterruotandDMA.elf 
arm-none-eabi-objdump -h -S  Week4_InterruotandDMA.elf  > "Week4_InterruotandDMA.list"
   text	   data	    bss	    dec	    hex	filename
  15372	     20	   1868	  17260	   436c	Week4_InterruotandDMA.elf
Finished building: default.size.stdout
 
Finished building: Week4_InterruotandDMA.list
 

17:02:35 Build Finished. 0 errors, 1 warnings. (took 2s.109ms)

