20:38:50 **** Build of configuration Debug for project Week3_ADC ****
make -j16 all 
arm-none-eabi-gcc "../Core/Src/main.c" -mcpu=cortex-m4 -std=gnu11 -g3 -DDEBUG -DUSE_HAL_DRIVER -DSTM32F411xE -c -I../Core/Inc -I../Drivers/STM32F4xx_HAL_Driver/Inc -I../Drivers/STM32F4xx_HAL_Driver/Inc/Legacy -I../Drivers/CMSIS/Device/ST/STM32F4xx/Include -I../Drivers/CMSIS/Include -O0 -ffunction-sections -fdata-sections -Wall -fstack-usage -MMD -MP -MF"Core/Src/main.d" -MT"Core/Src/main.o" --specs=nano.specs -mfpu=fpv4-sp-d16 -mfloat-abi=hard -mthumb -o "Core/Src/main.o"
arm-none-eabi-gcc -o "Week3_ADC.elf" @"objects.list"   -mcpu=cortex-m4 -T"C:\FRA222_microcontroller\Week3_ADC\STM32F411RETX_FLASH.ld" --specs=nosys.specs -Wl,-Map="Week3_ADC.map" -Wl,--gc-sections -static --specs=nano.specs -mfpu=fpv4-sp-d16 -mfloat-abi=hard -mthumb -Wl,--start-group -lc -lm -Wl,--end-group
Finished building target: Week3_ADC.elf
 
arm-none-eabi-size   Week3_ADC.elf 
arm-none-eabi-objdump -h -S  Week3_ADC.elf  > "Week3_ADC.list"
   text	   data	    bss	    dec	    hex	filename
   9284	     20	   1772	  11076	   2b44	Week3_ADC.elf
Finished building: default.size.stdout
 
Finished building: Week3_ADC.list
 

20:38:51 Build Finished. 0 errors, 0 warnings. (took 1s.178ms)

