03:21:23 **** Build of configuration Debug for project Week2_BasicIO ****
make -j16 all 
arm-none-eabi-gcc "../Core/Src/main.c" -mcpu=cortex-m4 -std=gnu11 -g3 -DDEBUG -DUSE_HAL_DRIVER -DSTM32F411xE -c -I../Core/Inc -I../Drivers/STM32F4xx_HAL_Driver/Inc -I../Drivers/STM32F4xx_HAL_Driver/Inc/Legacy -I../Drivers/CMSIS/Device/ST/STM32F4xx/Include -I../Drivers/CMSIS/Include -O0 -ffunction-sections -fdata-sections -Wall -fstack-usage -MMD -MP -MF"Core/Src/main.d" -MT"Core/Src/main.o" --specs=nano.specs -mfpu=fpv4-sp-d16 -mfloat-abi=hard -mthumb -o "Core/Src/main.o"
arm-none-eabi-gcc -o "Week2_BasicIO.elf" @"objects.list"   -mcpu=cortex-m4 -T"C:\FRA222_microcontroller\Week2_BasicIO\STM32F411RETX_FLASH.ld" --specs=nosys.specs -Wl,-Map="Week2_BasicIO.map" -Wl,--gc-sections -static --specs=nano.specs -mfpu=fpv4-sp-d16 -mfloat-abi=hard -mthumb -Wl,--start-group -lc -lm -Wl,--end-group
Finished building target: Week2_BasicIO.elf
 
arm-none-eabi-size   Week2_BasicIO.elf 
arm-none-eabi-objdump -h -S  Week2_BasicIO.elf  > "Week2_BasicIO.list"
   text	   data	    bss	    dec	    hex	filename
   8656	     96	   1688	  10440	   28c8	Week2_BasicIO.elf
Finished building: default.size.stdout
 
Finished building: Week2_BasicIO.list
 

03:21:23 Build Finished. 0 errors, 0 warnings. (took 856ms)

