15:29:04 **** Build of configuration Debug for project Week9_QEI ****
make -j16 all 
arm-none-eabi-gcc "../Core/Src/main.c" -mcpu=cortex-m4 -std=gnu11 -g3 -DDEBUG -DUSE_HAL_DRIVER -DSTM32F411xE -c -I../Core/Inc -I../Drivers/STM32F4xx_HAL_Driver/Inc -I../Drivers/STM32F4xx_HAL_Driver/Inc/Legacy -I../Drivers/CMSIS/Device/ST/STM32F4xx/Include -I../Drivers/CMSIS/Include -O0 -ffunction-sections -fdata-sections -Wall -fstack-usage -MMD -MP -MF"Core/Src/main.d" -MT"Core/Src/main.o" --specs=nano.specs -mfpu=fpv4-sp-d16 -mfloat-abi=hard -mthumb -o "Core/Src/main.o"
arm-none-eabi-gcc -o "Week9_QEI.elf" @"objects.list"   -mcpu=cortex-m4 -T"C:\FRA222_microcontroller\Week9_QEI\STM32F411RETX_FLASH.ld" --specs=nosys.specs -Wl,-Map="Week9_QEI.map" -Wl,--gc-sections -static --specs=nano.specs -mfpu=fpv4-sp-d16 -mfloat-abi=hard -mthumb -u _printf_float -Wl,--start-group -lc -lm -Wl,--end-group
Finished building target: Week9_QEI.elf
 
arm-none-eabi-size   Week9_QEI.elf 
arm-none-eabi-objdump -h -S  Week9_QEI.elf  > "Week9_QEI.list"
   text	   data	    bss	    dec	    hex	filename
  26908	    484	   1848	  29240	   7238	Week9_QEI.elf
Finished building: default.size.stdout
 
Finished building: Week9_QEI.list
 

15:29:06 Build Finished. 0 errors, 0 warnings. (took 2s.627ms)

